*.java 
        0 file(s) copied.
